<html>
<body>
<pre>
<h1>礦ision Build Log</h1>
<h2>Project:</h2>
E:\全动电子液晶屏资料汇总\驱动程序\TM022HDH26_2.2_SPI_Test\QDtech-SPIProj.uvproj
Project File Date:  04/22/2013

<h2>Output:</h2>
Build target 'Target 1'
compiling stm32f10x_it.c...
compiling main.c...
user\main.c(9): warning:  #9-D: nested comment is not allowed
user\main.c(168): warning:  #128-D: loop is not reachable from preceding code
compiling Lcd_Driver.c...
user\Lcd_Driver.c(14): warning:  #9-D: nested comment is not allowed
user\Lcd_Driver.c(171): warning:  #177-D: variable "i" was declared but never referenced
user\Lcd_Driver.c(190): warning:  #177-D: variable "i" was declared but never referenced
user\Lcd_Driver.c(523): warning:  #1-D: last line of file ends without a newline
compiling delay.c...
compiling GUI.c...
user\GUI.c(14): warning:  #9-D: nested comment is not allowed
compiling stm32f10x_gpio.c...
compiling misc.c...
compiling stm32f10x_rcc.c...
compiling stm32f10x_spi.c...
compiling core_cm3.c...
compiling system_stm32f10x.c...
linking...
Program Size: Code=7990 RO-data=6986 RW-data=40 ZI-data=512  
FromELF: creating hex file...
".\Obj\STM32-FD-FLASHLED.axf" - 0 Error(s), 7 Warning(s).
Build target 'Target 1'
assembling startup_stm32f10x_hd.s...
compiling stm32f10x_it.c...
compiling main.c...
user\main.c(9): warning:  #9-D: nested comment is not allowed
user\main.c(168): warning:  #128-D: loop is not reachable from preceding code
compiling Lcd_Driver.c...
user\Lcd_Driver.c(14): warning:  #9-D: nested comment is not allowed
user\Lcd_Driver.c(171): warning:  #177-D: variable "i" was declared but never referenced
user\Lcd_Driver.c(190): warning:  #177-D: variable "i" was declared but never referenced
user\Lcd_Driver.c(523): warning:  #1-D: last line of file ends without a newline
compiling delay.c...
compiling GUI.c...
user\GUI.c(14): warning:  #9-D: nested comment is not allowed
compiling stm32f10x_gpio.c...
compiling misc.c...
compiling stm32f10x_rcc.c...
compiling stm32f10x_spi.c...
compiling core_cm3.c...
compiling system_stm32f10x.c...
linking...
Program Size: Code=7990 RO-data=6986 RW-data=40 ZI-data=512  
FromELF: creating hex file...
".\Obj\STM32-FD-FLASHLED.axf" - 0 Error(s), 7 Warning(s).
