ARM Linker, RVCT4.0 [Build 728] [Standard]

==============================================================================

Section Cross References

    startup_stm32f10x_hd.o(RESET) refers to startup_stm32f10x_hd.o(.text) for Reset_Handler
    startup_stm32f10x_hd.o(RESET) refers to stm32f10x_it.o(.text) for NMI_Handler
    startup_stm32f10x_hd.o(.text) refers to startup_stm32f10x_hd.o(STACK) for __initial_sp
    startup_stm32f10x_hd.o(.text) refers to entry.o(.ARM.Collect$$$$00000000) for __main
    main.o(.text) refers to lcd_driver.o(.text) for Lcd_Clear
    main.o(.text) refers to gui.o(.text) for Gui_DrawFont_GBK16
    main.o(.text) refers to delay.o(.text) for delay_ms
    main.o(.text) refers to system_stm32f10x.o(.text) for SystemInit
    main.o(.text) refers to main.o(.data) for Num
    lcd_driver.o(.text) refers to stm32f10x_gpio.o(.text) for GPIO_ResetBits
    lcd_driver.o(.text) refers to stm32f10x_rcc.o(.text) for RCC_APB2PeriphClockCmd
    lcd_driver.o(.text) refers to stm32f10x_spi.o(.text) for SPI_Init
    lcd_driver.o(.text) refers to delay.o(.text) for delay_ms
    delay.o(.text) refers to delay.o(.data) for .data
    gui.o(.text) refers to lcd_driver.o(.text) for Gui_DrawPoint
    gui.o(.text) refers to gui.o(.constdata) for asc16
    stm32f10x_gpio.o(.text) refers to stm32f10x_rcc.o(.text) for RCC_APB2PeriphResetCmd
    stm32f10x_rcc.o(.text) refers to stm32f10x_rcc.o(.data) for .data
    stm32f10x_spi.o(.text) refers to stm32f10x_rcc.o(.text) for RCC_APB2PeriphResetCmd
    entry.o(.ARM.Collect$$$$00000000) refers (Special) to entry7.o(.ARM.Collect$$$$00000007) for _main_init
    entry.o(.ARM.Collect$$$$00000000) refers (Special) to entry5.o(.ARM.Collect$$$$00000004) for _main_scatterload
    entry.o(.ARM.Collect$$$$00000000) refers (Special) to entry2.o(.ARM.Collect$$$$00000001) for _main_stk
    entry2.o(.ARM.Collect$$$$00000001) refers to entry2.o(.ARM.Collect$$$$00002712) for __lit__00000000
    entry2.o(.ARM.Collect$$$$00002712) refers to startup_stm32f10x_hd.o(STACK) for __initial_sp
    entry2.o(__vectab_stack_and_reset_area) refers to startup_stm32f10x_hd.o(STACK) for __initial_sp
    entry2.o(__vectab_stack_and_reset_area) refers to entry.o(.ARM.Collect$$$$00000000) for __main
    entry5.o(.ARM.Collect$$$$00000004) refers to init.o(.text) for __scatterload
    entry7.o(.ARM.Collect$$$$00000007) refers to main.o(.text) for main
    init.o(.text) refers to entry5.o(.ARM.Collect$$$$00000004) for __main_after_scatterload


==============================================================================

Removing Unused input sections from the image.

    Removing startup_stm32f10x_hd.o(HEAP), (0 bytes).
    Removing misc.o(.text), (248 bytes).
    Removing core_cm3.o(.emb_text), (32 bytes).
    Removing system_stm32f10x.o(.constdata), (20 bytes).

4 unused section(s) (total 300 bytes) removed from the image.

==============================================================================

Image Symbol Table

    Local Symbols

    Symbol Name                              Value     Ov Type        Size  Object(Section)

    ../../microlib/init/entry.s              0x00000000   Number         0  entry7.o ABSOLUTE
    ../../microlib/init/entry.s              0x00000000   Number         0  entry5.o ABSOLUTE
    ../../microlib/init/entry.s              0x00000000   Number         0  entry2.o ABSOLUTE
    ../../microlib/init/entry.s              0x00000000   Number         0  entry.o ABSOLUTE
    FWlib\SRC\misc.c                         0x00000000   Number         0  misc.o ABSOLUTE
    FWlib\SRC\stm32f10x_gpio.c               0x00000000   Number         0  stm32f10x_gpio.o ABSOLUTE
    FWlib\SRC\stm32f10x_rcc.c                0x00000000   Number         0  stm32f10x_rcc.o ABSOLUTE
    FWlib\SRC\stm32f10x_spi.c                0x00000000   Number         0  stm32f10x_spi.o ABSOLUTE
    dc.s                                     0x00000000   Number         0  dc.o ABSOLUTE
    handlers.s                               0x00000000   Number         0  handlers.o ABSOLUTE
    init.s                                   0x00000000   Number         0  init.o ABSOLUTE
    startup\startup_stm32f10x_hd.s           0x00000000   Number         0  startup_stm32f10x_hd.o ABSOLUTE
    user\GUI.c                               0x00000000   Number         0  gui.o ABSOLUTE
    user\Lcd_Driver.c                        0x00000000   Number         0  lcd_driver.o ABSOLUTE
    user\\core_cm3.c                         0x00000000   Number         0  core_cm3.o ABSOLUTE
    user\core_cm3.c                          0x00000000   Number         0  core_cm3.o ABSOLUTE
    user\delay.c                             0x00000000   Number         0  delay.o ABSOLUTE
    user\main.c                              0x00000000   Number         0  main.o ABSOLUTE
    user\stm32f10x_it.c                      0x00000000   Number         0  stm32f10x_it.o ABSOLUTE
    user\system_stm32f10x.c                  0x00000000   Number         0  system_stm32f10x.o ABSOLUTE
    RESET                                    0x08000000   Section      304  startup_stm32f10x_hd.o(RESET)
    .ARM.Collect$$$$00000000                 0x08000130   Section        0  entry.o(.ARM.Collect$$$$00000000)
    .ARM.Collect$$$$00000001                 0x08000130   Section        4  entry2.o(.ARM.Collect$$$$00000001)
    .ARM.Collect$$$$00000004                 0x08000134   Section        4  entry5.o(.ARM.Collect$$$$00000004)
    .ARM.Collect$$$$00000007                 0x08000138   Section        8  entry7.o(.ARM.Collect$$$$00000007)
    .ARM.Collect$$$$00002712                 0x08000140   Section        4  entry2.o(.ARM.Collect$$$$00002712)
    __lit__00000000                          0x08000140   Data           4  entry2.o(.ARM.Collect$$$$00002712)
    .text                                    0x08000144   Section       48  startup_stm32f10x_hd.o(.text)
    .text                                    0x08000174   Section        0  stm32f10x_it.o(.text)
    .text                                    0x08000194   Section        0  main.o(.text)
    .text                                    0x08000598   Section        0  lcd_driver.o(.text)
    .text                                    0x08000ab0   Section        0  delay.o(.text)
    .text                                    0x08000b4c   Section        0  gui.o(.text)
    .text                                    0x08001550   Section        0  stm32f10x_gpio.o(.text)
    .text                                    0x08001870   Section        0  stm32f10x_rcc.o(.text)
    .text                                    0x08001c00   Section        0  stm32f10x_spi.o(.text)
    .text                                    0x08001f00   Section        0  system_stm32f10x.o(.text)
    SetSysClockTo72                          0x08001f01   Thumb Code   198  system_stm32f10x.o(.text)
    SetSysClock                              0x08001fc7   Thumb Code     8  system_stm32f10x.o(.text)
    .text                                    0x08002024   Section       36  init.o(.text)
    i.__scatterload_copy                     0x08002048   Section       14  handlers.o(i.__scatterload_copy)
    i.__scatterload_null                     0x08002056   Section        2  handlers.o(i.__scatterload_null)
    i.__scatterload_zeroinit                 0x08002058   Section       14  handlers.o(i.__scatterload_zeroinit)
    .constdata                               0x08002066   Section     6650  gui.o(.constdata)
    .data                                    0x20000000   Section       16  main.o(.data)
    .data                                    0x20000010   Section        4  delay.o(.data)
    fac_us                                   0x20000010   Data           1  delay.o(.data)
    fac_ms                                   0x20000012   Data           2  delay.o(.data)
    .data                                    0x20000014   Section       20  stm32f10x_rcc.o(.data)
    APBAHBPrescTable                         0x20000014   Data          16  stm32f10x_rcc.o(.data)
    ADCPrescTable                            0x20000024   Data           4  stm32f10x_rcc.o(.data)
    STACK                                    0x20000028   Section      512  startup_stm32f10x_hd.o(STACK)

    Global Symbols

    Symbol Name                              Value     Ov Type        Size  Object(Section)

    BuildAttributes$$THM_ISAv4$P$D$K$B$S$PE$A:L22UL41UL21$X:L11$S22US41US21$IEEE1$IW$USESV6$~STKCKD$USESV7$~SHL$OSPACE$EBA8$MICROLIB$REQ8$PRES8$EABIv2 0x00000000   Number         0  anon$$obj.o ABSOLUTE
    __ARM_use_no_argv                        0x00000000   Number         0  main.o ABSOLUTE
    __decompress                              - Undefined Weak Reference
    __Vectors_Size                           0x00000130   Number         0  startup_stm32f10x_hd.o ABSOLUTE
    __Vectors                                0x08000000   Data           4  startup_stm32f10x_hd.o(RESET)
    __Vectors_End                            0x08000130   Data           0  startup_stm32f10x_hd.o(RESET)
    __main                                   0x08000131   Thumb Code     0  entry.o(.ARM.Collect$$$$00000000)
    _main_stk                                0x08000131   Thumb Code     0  entry2.o(.ARM.Collect$$$$00000001)
    _main_scatterload                        0x08000135   Thumb Code     0  entry5.o(.ARM.Collect$$$$00000004)
    __main_after_scatterload                 0x08000139   Thumb Code     0  entry5.o(.ARM.Collect$$$$00000004)
    _main_init                               0x08000139   Thumb Code     0  entry7.o(.ARM.Collect$$$$00000007)
    SystemInit_ExtMemCtl                     0x08000145   Thumb Code     2  startup_stm32f10x_hd.o(.text)
    Reset_Handler                            0x08000147   Thumb Code    14  startup_stm32f10x_hd.o(.text)
    ADC1_2_IRQHandler                        0x08000167   Thumb Code     0  startup_stm32f10x_hd.o(.text)
    ADC3_IRQHandler                          0x08000167   Thumb Code     0  startup_stm32f10x_hd.o(.text)
    CAN1_RX1_IRQHandler                      0x08000167   Thumb Code     0  startup_stm32f10x_hd.o(.text)
    CAN1_SCE_IRQHandler                      0x08000167   Thumb Code     0  startup_stm32f10x_hd.o(.text)
    DMA1_Channel1_IRQHandler                 0x08000167   Thumb Code     0  startup_stm32f10x_hd.o(.text)
    DMA1_Channel2_IRQHandler                 0x08000167   Thumb Code     0  startup_stm32f10x_hd.o(.text)
    DMA1_Channel3_IRQHandler                 0x08000167   Thumb Code     0  startup_stm32f10x_hd.o(.text)
    DMA1_Channel4_IRQHandler                 0x08000167   Thumb Code     0  startup_stm32f10x_hd.o(.text)
    DMA1_Channel5_IRQHandler                 0x08000167   Thumb Code     0  startup_stm32f10x_hd.o(.text)
    DMA1_Channel6_IRQHandler                 0x08000167   Thumb Code     0  startup_stm32f10x_hd.o(.text)
    DMA1_Channel7_IRQHandler                 0x08000167   Thumb Code     0  startup_stm32f10x_hd.o(.text)
    DMA2_Channel1_IRQHandler                 0x08000167   Thumb Code     0  startup_stm32f10x_hd.o(.text)
    DMA2_Channel2_IRQHandler                 0x08000167   Thumb Code     0  startup_stm32f10x_hd.o(.text)
    DMA2_Channel3_IRQHandler                 0x08000167   Thumb Code     0  startup_stm32f10x_hd.o(.text)
    DMA2_Channel4_5_IRQHandler               0x08000167   Thumb Code     0  startup_stm32f10x_hd.o(.text)
    EXTI0_IRQHandler                         0x08000167   Thumb Code     0  startup_stm32f10x_hd.o(.text)
    EXTI15_10_IRQHandler                     0x08000167   Thumb Code     0  startup_stm32f10x_hd.o(.text)
    EXTI1_IRQHandler                         0x08000167   Thumb Code     0  startup_stm32f10x_hd.o(.text)
    EXTI2_IRQHandler                         0x08000167   Thumb Code     0  startup_stm32f10x_hd.o(.text)
    EXTI3_IRQHandler                         0x08000167   Thumb Code     0  startup_stm32f10x_hd.o(.text)
    EXTI4_IRQHandler                         0x08000167   Thumb Code     0  startup_stm32f10x_hd.o(.text)
    EXTI9_5_IRQHandler                       0x08000167   Thumb Code     0  startup_stm32f10x_hd.o(.text)
    FLASH_IRQHandler                         0x08000167   Thumb Code     0  startup_stm32f10x_hd.o(.text)
    FSMC_IRQHandler                          0x08000167   Thumb Code     0  startup_stm32f10x_hd.o(.text)
    I2C1_ER_IRQHandler                       0x08000167   Thumb Code     0  startup_stm32f10x_hd.o(.text)
    I2C1_EV_IRQHandler                       0x08000167   Thumb Code     0  startup_stm32f10x_hd.o(.text)
    I2C2_ER_IRQHandler                       0x08000167   Thumb Code     0  startup_stm32f10x_hd.o(.text)
    I2C2_EV_IRQHandler                       0x08000167   Thumb Code     0  startup_stm32f10x_hd.o(.text)
    PVD_IRQHandler                           0x08000167   Thumb Code     0  startup_stm32f10x_hd.o(.text)
    RCC_IRQHandler                           0x08000167   Thumb Code     0  startup_stm32f10x_hd.o(.text)
    RTCAlarm_IRQHandler                      0x08000167   Thumb Code     0  startup_stm32f10x_hd.o(.text)
    RTC_IRQHandler                           0x08000167   Thumb Code     0  startup_stm32f10x_hd.o(.text)
    SDIO_IRQHandler                          0x08000167   Thumb Code     0  startup_stm32f10x_hd.o(.text)
    SPI1_IRQHandler                          0x08000167   Thumb Code     0  startup_stm32f10x_hd.o(.text)
    SPI2_IRQHandler                          0x08000167   Thumb Code     0  startup_stm32f10x_hd.o(.text)
    SPI3_IRQHandler                          0x08000167   Thumb Code     0  startup_stm32f10x_hd.o(.text)
    TAMPER_IRQHandler                        0x08000167   Thumb Code     0  startup_stm32f10x_hd.o(.text)
    TIM1_BRK_IRQHandler                      0x08000167   Thumb Code     0  startup_stm32f10x_hd.o(.text)
    TIM1_CC_IRQHandler                       0x08000167   Thumb Code     0  startup_stm32f10x_hd.o(.text)
    TIM1_TRG_COM_IRQHandler                  0x08000167   Thumb Code     0  startup_stm32f10x_hd.o(.text)
    TIM1_UP_IRQHandler                       0x08000167   Thumb Code     0  startup_stm32f10x_hd.o(.text)
    TIM2_IRQHandler                          0x08000167   Thumb Code     0  startup_stm32f10x_hd.o(.text)
    TIM3_IRQHandler                          0x08000167   Thumb Code     0  startup_stm32f10x_hd.o(.text)
    TIM4_IRQHandler                          0x08000167   Thumb Code     0  startup_stm32f10x_hd.o(.text)
    TIM5_IRQHandler                          0x08000167   Thumb Code     0  startup_stm32f10x_hd.o(.text)
    TIM6_IRQHandler                          0x08000167   Thumb Code     0  startup_stm32f10x_hd.o(.text)
    TIM7_IRQHandler                          0x08000167   Thumb Code     0  startup_stm32f10x_hd.o(.text)
    TIM8_BRK_IRQHandler                      0x08000167   Thumb Code     0  startup_stm32f10x_hd.o(.text)
    TIM8_CC_IRQHandler                       0x08000167   Thumb Code     0  startup_stm32f10x_hd.o(.text)
    TIM8_TRG_COM_IRQHandler                  0x08000167   Thumb Code     0  startup_stm32f10x_hd.o(.text)
    TIM8_UP_IRQHandler                       0x08000167   Thumb Code     0  startup_stm32f10x_hd.o(.text)
    UART4_IRQHandler                         0x08000167   Thumb Code     0  startup_stm32f10x_hd.o(.text)
    UART5_IRQHandler                         0x08000167   Thumb Code     0  startup_stm32f10x_hd.o(.text)
    USART2_IRQHandler                        0x08000167   Thumb Code     0  startup_stm32f10x_hd.o(.text)
    USART3_IRQHandler                        0x08000167   Thumb Code     0  startup_stm32f10x_hd.o(.text)
    USBWakeUp_IRQHandler                     0x08000167   Thumb Code     0  startup_stm32f10x_hd.o(.text)
    USB_HP_CAN1_TX_IRQHandler                0x08000167   Thumb Code     0  startup_stm32f10x_hd.o(.text)
    USB_LP_CAN1_RX0_IRQHandler               0x08000167   Thumb Code     0  startup_stm32f10x_hd.o(.text)
    WWDG_IRQHandler                          0x08000167   Thumb Code     0  startup_stm32f10x_hd.o(.text)
    NMI_Handler                              0x08000175   Thumb Code     2  stm32f10x_it.o(.text)
    USART1_IRQHandler                        0x08000177   Thumb Code     4  stm32f10x_it.o(.text)
    HardFault_Handler                        0x0800017b   Thumb Code     4  stm32f10x_it.o(.text)
    MemManage_Handler                        0x0800017f   Thumb Code     4  stm32f10x_it.o(.text)
    BusFault_Handler                         0x08000183   Thumb Code     4  stm32f10x_it.o(.text)
    UsageFault_Handler                       0x08000187   Thumb Code     4  stm32f10x_it.o(.text)
    SVC_Handler                              0x0800018b   Thumb Code     2  stm32f10x_it.o(.text)
    DebugMon_Handler                         0x0800018d   Thumb Code     2  stm32f10x_it.o(.text)
    PendSV_Handler                           0x0800018f   Thumb Code     2  stm32f10x_it.o(.text)
    SysTick_Handler                          0x08000191   Thumb Code     2  stm32f10x_it.o(.text)
    Redraw_Mainmenu                          0x08000195   Thumb Code   354  main.o(.text)
    Num_Test                                 0x080002f7   Thumb Code   122  main.o(.text)
    Font_Test                                0x08000371   Thumb Code   150  main.o(.text)
    Color_Test                               0x08000407   Thumb Code    88  main.o(.text)
    main                                     0x0800045f   Thumb Code    76  main.o(.text)
    RCC_Configuration                        0x080004ab   Thumb Code     8  main.o(.text)
    Delayms                                  0x080004b3   Thumb Code    10  main.o(.text)
    SPIv_WriteByte                           0x08000599   Thumb Code    72  lcd_driver.o(.text)
    SPIv_Init                                0x080005e1   Thumb Code    96  lcd_driver.o(.text)
    SPI_WriteByte                            0x08000641   Thumb Code    30  lcd_driver.o(.text)
    SPI_SetSpeed                             0x0800065f   Thumb Code    42  lcd_driver.o(.text)
    SPI2_Init                                0x08000689   Thumb Code   178  lcd_driver.o(.text)
    Lcd_WriteIndex                           0x0800073b   Thumb Code    24  lcd_driver.o(.text)
    Lcd_WriteData                            0x08000753   Thumb Code    24  lcd_driver.o(.text)
    Lcd_WriteData16Bit                       0x0800076b   Thumb Code    20  lcd_driver.o(.text)
    Lcd_WriteIndex16Bit                      0x0800077f   Thumb Code    20  lcd_driver.o(.text)
    Lcd_Reset                                0x08000793   Thumb Code    36  lcd_driver.o(.text)
    Lcd_Init                                 0x080007b7   Thumb Code   538  lcd_driver.o(.text)
    Lcd_SetRegion                            0x080009d1   Thumb Code    46  lcd_driver.o(.text)
    Lcd_SetXY                                0x080009ff   Thumb Code    42  lcd_driver.o(.text)
    Gui_DrawPoint                            0x08000a29   Thumb Code    34  lcd_driver.o(.text)
    Lcd_ReadPoint                            0x08000a4b   Thumb Code    24  lcd_driver.o(.text)
    Lcd_Clear                                0x08000a63   Thumb Code    68  lcd_driver.o(.text)
    delay_init                               0x08000ab1   Thumb Code    46  delay.o(.text)
    delay_ms                                 0x08000adf   Thumb Code    54  delay.o(.text)
    delay_us                                 0x08000b15   Thumb Code    52  delay.o(.text)
    LCD_BGR2RGB                              0x08000b4d   Thumb Code    26  gui.o(.text)
    Gui_Circle                               0x08000b67   Thumb Code   374  gui.o(.text)
    Gui_DrawLine                             0x08000cdd   Thumb Code   224  gui.o(.text)
    Gui_box                                  0x08000dbd   Thumb Code   148  gui.o(.text)
    Gui_box2                                 0x08000e51   Thumb Code   326  gui.o(.text)
    DisplayButtonDown                        0x08000f97   Thumb Code   130  gui.o(.text)
    DisplayButtonUp                          0x08001019   Thumb Code   128  gui.o(.text)
    Gui_DrawFont_GBK16                       0x08001099   Thumb Code   468  gui.o(.text)
    Gui_DrawFont_GBK24                       0x0800126d   Thumb Code   572  gui.o(.text)
    Gui_DrawFont_Num32                       0x080014a9   Thumb Code   168  gui.o(.text)
    GPIO_DeInit                              0x08001551   Thumb Code   188  stm32f10x_gpio.o(.text)
    GPIO_AFIODeInit                          0x0800160d   Thumb Code    20  stm32f10x_gpio.o(.text)
    GPIO_Init                                0x08001621   Thumb Code   272  stm32f10x_gpio.o(.text)
    GPIO_StructInit                          0x08001731   Thumb Code    16  stm32f10x_gpio.o(.text)
    GPIO_ReadInputDataBit                    0x08001741   Thumb Code    18  stm32f10x_gpio.o(.text)
    GPIO_ReadInputData                       0x08001753   Thumb Code     8  stm32f10x_gpio.o(.text)
    GPIO_ReadOutputDataBit                   0x0800175b   Thumb Code    18  stm32f10x_gpio.o(.text)
    GPIO_ReadOutputData                      0x0800176d   Thumb Code     8  stm32f10x_gpio.o(.text)
    GPIO_SetBits                             0x08001775   Thumb Code     4  stm32f10x_gpio.o(.text)
    GPIO_ResetBits                           0x08001779   Thumb Code     4  stm32f10x_gpio.o(.text)
    GPIO_WriteBit                            0x0800177d   Thumb Code    10  stm32f10x_gpio.o(.text)
    GPIO_Write                               0x08001787   Thumb Code     4  stm32f10x_gpio.o(.text)
    GPIO_PinLockConfig                       0x0800178b   Thumb Code    18  stm32f10x_gpio.o(.text)
    GPIO_EventOutputConfig                   0x0800179d   Thumb Code    24  stm32f10x_gpio.o(.text)
    GPIO_EventOutputCmd                      0x080017b5   Thumb Code     6  stm32f10x_gpio.o(.text)
    GPIO_PinRemapConfig                      0x080017bb   Thumb Code   104  stm32f10x_gpio.o(.text)
    GPIO_EXTILineConfig                      0x08001823   Thumb Code    60  stm32f10x_gpio.o(.text)
    RCC_DeInit                               0x08001871   Thumb Code    62  stm32f10x_rcc.o(.text)
    RCC_HSEConfig                            0x080018af   Thumb Code    70  stm32f10x_rcc.o(.text)
    RCC_GetFlagStatus                        0x080018f5   Thumb Code    56  stm32f10x_rcc.o(.text)
    RCC_WaitForHSEStartUp                    0x0800192d   Thumb Code    46  stm32f10x_rcc.o(.text)
    RCC_AdjustHSICalibrationValue            0x0800195b   Thumb Code    18  stm32f10x_rcc.o(.text)
    RCC_HSICmd                               0x0800196d   Thumb Code     6  stm32f10x_rcc.o(.text)
    RCC_PLLConfig                            0x08001973   Thumb Code    22  stm32f10x_rcc.o(.text)
    RCC_PLLCmd                               0x08001989   Thumb Code     6  stm32f10x_rcc.o(.text)
    RCC_SYSCLKConfig                         0x0800198f   Thumb Code    16  stm32f10x_rcc.o(.text)
    RCC_GetSYSCLKSource                      0x0800199f   Thumb Code    10  stm32f10x_rcc.o(.text)
    RCC_HCLKConfig                           0x080019a9   Thumb Code    16  stm32f10x_rcc.o(.text)
    RCC_PCLK1Config                          0x080019b9   Thumb Code    16  stm32f10x_rcc.o(.text)
    RCC_PCLK2Config                          0x080019c9   Thumb Code    18  stm32f10x_rcc.o(.text)
    RCC_ITConfig                             0x080019db   Thumb Code    30  stm32f10x_rcc.o(.text)
    RCC_USBCLKConfig                         0x080019f9   Thumb Code     6  stm32f10x_rcc.o(.text)
    RCC_ADCCLKConfig                         0x080019ff   Thumb Code    16  stm32f10x_rcc.o(.text)
    RCC_LSEConfig                            0x08001a0f   Thumb Code    44  stm32f10x_rcc.o(.text)
    RCC_LSICmd                               0x08001a3b   Thumb Code     6  stm32f10x_rcc.o(.text)
    RCC_RTCCLKConfig                         0x08001a41   Thumb Code    12  stm32f10x_rcc.o(.text)
    RCC_RTCCLKCmd                            0x08001a4d   Thumb Code     6  stm32f10x_rcc.o(.text)
    RCC_GetClocksFreq                        0x08001a53   Thumb Code   194  stm32f10x_rcc.o(.text)
    RCC_AHBPeriphClockCmd                    0x08001b15   Thumb Code    26  stm32f10x_rcc.o(.text)
    RCC_APB2PeriphClockCmd                   0x08001b2f   Thumb Code    26  stm32f10x_rcc.o(.text)
    RCC_APB1PeriphClockCmd                   0x08001b49   Thumb Code    26  stm32f10x_rcc.o(.text)
    RCC_APB2PeriphResetCmd                   0x08001b63   Thumb Code    26  stm32f10x_rcc.o(.text)
    RCC_APB1PeriphResetCmd                   0x08001b7d   Thumb Code    26  stm32f10x_rcc.o(.text)
    RCC_BackupResetCmd                       0x08001b97   Thumb Code     6  stm32f10x_rcc.o(.text)
    RCC_ClockSecuritySystemCmd               0x08001b9d   Thumb Code     6  stm32f10x_rcc.o(.text)
    RCC_MCOConfig                            0x08001ba3   Thumb Code     6  stm32f10x_rcc.o(.text)
    RCC_ClearFlag                            0x08001ba9   Thumb Code    14  stm32f10x_rcc.o(.text)
    RCC_GetITStatus                          0x08001bb7   Thumb Code    20  stm32f10x_rcc.o(.text)
    RCC_ClearITPendingBit                    0x08001bcb   Thumb Code     6  stm32f10x_rcc.o(.text)
    SPI_I2S_DeInit                           0x08001c01   Thumb Code    88  stm32f10x_spi.o(.text)
    SPI_Init                                 0x08001c59   Thumb Code    60  stm32f10x_spi.o(.text)
    I2S_Init                                 0x08001c95   Thumb Code   200  stm32f10x_spi.o(.text)
    SPI_StructInit                           0x08001d5d   Thumb Code    24  stm32f10x_spi.o(.text)
    I2S_StructInit                           0x08001d75   Thumb Code    20  stm32f10x_spi.o(.text)
    SPI_Cmd                                  0x08001d89   Thumb Code    24  stm32f10x_spi.o(.text)
    I2S_Cmd                                  0x08001da1   Thumb Code    24  stm32f10x_spi.o(.text)
    SPI_I2S_ITConfig                         0x08001db9   Thumb Code    36  stm32f10x_spi.o(.text)
    SPI_I2S_DMACmd                           0x08001ddd   Thumb Code    24  stm32f10x_spi.o(.text)
    SPI_I2S_SendData                         0x08001df5   Thumb Code     4  stm32f10x_spi.o(.text)
    SPI_I2S_ReceiveData                      0x08001df9   Thumb Code     6  stm32f10x_spi.o(.text)
    SPI_NSSInternalSoftwareConfig            0x08001dff   Thumb Code    30  stm32f10x_spi.o(.text)
    SPI_SSOutputCmd                          0x08001e1d   Thumb Code    24  stm32f10x_spi.o(.text)
    SPI_DataSizeConfig                       0x08001e35   Thumb Code    18  stm32f10x_spi.o(.text)
    SPI_TransmitCRC                          0x08001e47   Thumb Code    10  stm32f10x_spi.o(.text)
    SPI_CalculateCRC                         0x08001e51   Thumb Code    24  stm32f10x_spi.o(.text)
    SPI_GetCRC                               0x08001e69   Thumb Code    16  stm32f10x_spi.o(.text)
    SPI_GetCRCPolynomial                     0x08001e79   Thumb Code     6  stm32f10x_spi.o(.text)
    SPI_BiDirectionalLineConfig              0x08001e7f   Thumb Code    28  stm32f10x_spi.o(.text)
    SPI_I2S_GetFlagStatus                    0x08001e9b   Thumb Code    18  stm32f10x_spi.o(.text)
    SPI_I2S_ClearFlag                        0x08001ead   Thumb Code     6  stm32f10x_spi.o(.text)
    SPI_I2S_GetITStatus                      0x08001eb3   Thumb Code    52  stm32f10x_spi.o(.text)
    SPI_I2S_ClearITPendingBit                0x08001ee7   Thumb Code    20  stm32f10x_spi.o(.text)
    SystemInit                               0x08001fcf   Thumb Code    68  system_stm32f10x.o(.text)
    __scatterload                            0x08002025   Thumb Code    28  init.o(.text)
    __scatterload_rt2                        0x08002025   Thumb Code     0  init.o(.text)
    __scatterload_copy                       0x08002049   Thumb Code    14  handlers.o(i.__scatterload_copy)
    __scatterload_null                       0x08002057   Thumb Code     2  handlers.o(i.__scatterload_null)
    __scatterload_zeroinit                   0x08002059   Thumb Code    14  handlers.o(i.__scatterload_zeroinit)
    asc16                                    0x08002066   Data        1521  gui.o(.constdata)
    sz32                                     0x08002657   Data        1921  gui.o(.constdata)
    hz16                                     0x08002dd8   Data        1802  gui.o(.constdata)
    hz24                                     0x080034e2   Data        1406  gui.o(.constdata)
    Region$$Table$$Base                      0x08003a60   Number         0  anon$$obj.o(Region$$Table)
    Region$$Table$$Limit                     0x08003a80   Number         0  anon$$obj.o(Region$$Table)
    Num                                      0x20000000   Data          10  main.o(.data)
    ID                                       0x2000000a   Data           2  main.o(.data)
    GPIO_InitStructure                       0x2000000c   Data           4  main.o(.data)
    __initial_sp                             0x20000228   Data           0  startup_stm32f10x_hd.o(STACK)



==============================================================================

Memory Map of the image

  Image Entry point : 0x08000131

  Load Region LR_IROM1 (Base: 0x08000000, Size: 0x00003aa8, Max: 0x00080000, ABSOLUTE)

    Execution Region ER_IROM1 (Base: 0x08000000, Size: 0x00003a80, Max: 0x00080000, ABSOLUTE)

    Base Addr    Size         Type   Attr      Idx    E Section Name        Object

    0x08000000   0x00000130   Data   RO            3    RESET               startup_stm32f10x_hd.o
    0x08000130   0x00000000   Code   RO          213  * .ARM.Collect$$$$00000000  entry.o(mc_w.l)
    0x08000130   0x00000004   Code   RO          216    .ARM.Collect$$$$00000001  entry2.o(mc_w.l)
    0x08000134   0x00000004   Code   RO          219    .ARM.Collect$$$$00000004  entry5.o(mc_w.l)
    0x08000138   0x00000008   Code   RO          220    .ARM.Collect$$$$00000007  entry7.o(mc_w.l)
    0x08000140   0x00000004   Code   RO          217    .ARM.Collect$$$$00002712  entry2.o(mc_w.l)
    0x08000144   0x00000030   Code   RO            4    .text               startup_stm32f10x_hd.o
    0x08000174   0x0000001e   Code   RO           10    .text               stm32f10x_it.o
    0x08000192   0x00000002   PAD
    0x08000194   0x00000404   Code   RO           51    .text               main.o
    0x08000598   0x00000518   Code   RO           72    .text               lcd_driver.o
    0x08000ab0   0x0000009c   Code   RO           87    .text               delay.o
    0x08000b4c   0x00000a04   Code   RO          101    .text               gui.o
    0x08001550   0x00000320   Code   RO          119    .text               stm32f10x_gpio.o
    0x08001870   0x00000390   Code   RO          159    .text               stm32f10x_rcc.o
    0x08001c00   0x00000300   Code   RO          173    .text               stm32f10x_spi.o
    0x08001f00   0x00000124   Code   RO          195    .text               system_stm32f10x.o
    0x08002024   0x00000024   Code   RO          221    .text               init.o(mc_w.l)
    0x08002048   0x0000000e   Code   RO          225    i.__scatterload_copy  handlers.o(mc_w.l)
    0x08002056   0x00000002   Code   RO          226    i.__scatterload_null  handlers.o(mc_w.l)
    0x08002058   0x0000000e   Code   RO          227    i.__scatterload_zeroinit  handlers.o(mc_w.l)
    0x08002066   0x000019fa   Data   RO          102    .constdata          gui.o
    0x08003a60   0x00000020   Data   RO          223    Region$$Table       anon$$obj.o


    Execution Region RW_IRAM1 (Base: 0x20000000, Size: 0x00000228, Max: 0x00010000, ABSOLUTE)

    Base Addr    Size         Type   Attr      Idx    E Section Name        Object

    0x20000000   0x00000010   Data   RW           52    .data               main.o
    0x20000010   0x00000004   Data   RW           88    .data               delay.o
    0x20000014   0x00000014   Data   RW          160    .data               stm32f10x_rcc.o
    0x20000028   0x00000200   Zero   RW            1    STACK               startup_stm32f10x_hd.o


==============================================================================

Image component sizes


      Code (inc. data)   RO Data    RW Data    ZI Data      Debug   Object Name

       156          4          0          4          0        919   delay.o
      2564         18       6650          0          0       6185   gui.o
      1304         30          0          0          0       4809   lcd_driver.o
      1028        220          0         16          0       1995   main.o
        48         12        304          0        512        520   startup_stm32f10x_hd.o
       800         18          0          0          0     203163   stm32f10x_gpio.o
        30          0          0          0          0     225360   stm32f10x_it.o
       912         48          0         20          0       8628   stm32f10x_rcc.o
       768          6          0          0          0       6266   stm32f10x_spi.o
       292         18          0          0          0       1097   system_stm32f10x.o

    ----------------------------------------------------------------------
      7904        374       6986         40        512     458942   Object Totals
         0          0         32          0          0          0   (incl. Generated)
         2          0          0          0          0          2   (incl. Padding)

    ----------------------------------------------------------------------

      Code (inc. data)   RO Data    RW Data    ZI Data      Debug   Library Member Name

         0          0          0          0          0          0   entry.o
         8          4          0          0          0          0   entry2.o
         4          0          0          0          0          0   entry5.o
         8          4          0          0          0          0   entry7.o
        30          0          0          0          0          0   handlers.o
        36          8          0          0          0         68   init.o

    ----------------------------------------------------------------------
        86         16          0          0          0         68   Library Totals
         0          0          0          0          0          0   (incl. Padding)

    ----------------------------------------------------------------------

      Code (inc. data)   RO Data    RW Data    ZI Data      Debug   Library Name

        86         16          0          0          0         68   mc_w.l

    ----------------------------------------------------------------------
        86         16          0          0          0         68   Library Totals

    ----------------------------------------------------------------------

==============================================================================


      Code (inc. data)   RO Data    RW Data    ZI Data      Debug   

      7990        390       6986         40        512     458312   Grand Totals
      7990        390       6986         40        512     458312   ELF Image Totals
      7990        390       6986         40          0          0   ROM Totals

==============================================================================

    Total RO  Size (Code + RO Data)                14976 (  14.63kB)
    Total RW  Size (RW Data + ZI Data)               552 (   0.54kB)
    Total ROM Size (Code + RO Data + RW Data)      15016 (  14.66kB)

==============================================================================

